device: cuda
train=8401 val=1096 test=1461 scale=6.362
epoch   0 | g_loss 9.4987 d_loss 0.3861 train_l1 0.0650 consist 0.0216 val_l1 0.0646 (4.4s)
epoch   1 | g_loss 9.8631 d_loss 0.3743 train_l1 0.0567 consist 0.0360 val_l1 0.0607 (4.2s)
epoch   2 | g_loss 9.9745 d_loss 0.3829 train_l1 0.0554 consist 0.0374 val_l1 0.0594 (4.1s)
epoch   3 | g_loss 9.9392 d_loss 0.3890 train_l1 0.0545 consist 0.0370 val_l1 0.0596 (4.1s)
epoch   4 | g_loss 9.9936 d_loss 0.3924 train_l1 0.0542 consist 0.0375 val_l1 0.0599 (4.2s)
epoch   5 | g_loss 10.0150 d_loss 0.3891 train_l1 0.0540 consist 0.0374 val_l1 0.0601 (4.1s)
epoch   6 | g_loss 10.0447 d_loss 0.3958 train_l1 0.0538 consist 0.0385 val_l1 0.0606 (4.1s)
epoch   7 | g_loss 10.0776 d_loss 0.3901 train_l1 0.0535 consist 0.0381 val_l1 0.0591 (4.1s)
epoch   8 | g_loss 10.0315 d_loss 0.4098 train_l1 0.0528 consist 0.0408 val_l1 0.0595 (4.1s)
epoch   9 | g_loss 10.1253 d_loss 0.3961 train_l1 0.0530 consist 0.0401 val_l1 0.0593 (4.1s)
epoch  10 | g_loss 10.1839 d_loss 0.4086 train_l1 0.0525 consist 0.0434 val_l1 0.0593 (4.1s)
epoch  11 | g_loss 10.2669 d_loss 0.4014 train_l1 0.0526 consist 0.0442 val_l1 0.0595 (4.1s)
epoch  12 | g_loss 10.2610 d_loss 0.4112 train_l1 0.0524 consist 0.0452 val_l1 0.0610 (4.1s)
epoch  13 | g_loss 10.2665 d_loss 0.4121 train_l1 0.0521 consist 0.0453 val_l1 0.0593 (4.1s)
epoch  14 | g_loss 10.1968 d_loss 0.4169 train_l1 0.0515 consist 0.0447 val_l1 0.0601 (4.1s)
epoch  15 | g_loss 10.2949 d_loss 0.4323 train_l1 0.0515 consist 0.0482 val_l1 0.0594 (4.1s)
epoch  16 | g_loss 10.2202 d_loss 0.4220 train_l1 0.0513 consist 0.0455 val_l1 0.0593 (4.1s)
epoch  17 | g_loss 10.1839 d_loss 0.4280 train_l1 0.0510 consist 0.0462 val_l1 0.0593 (4.1s)
epoch  18 | g_loss 10.1826 d_loss 0.4264 train_l1 0.0509 consist 0.0467 val_l1 0.0589 (4.0s)
epoch  19 | g_loss 10.1288 d_loss 0.4176 train_l1 0.0504 consist 0.0442 val_l1 0.0596 (4.0s)
epoch  20 | g_loss 10.1278 d_loss 0.4245 train_l1 0.0501 consist 0.0453 val_l1 0.0598 (4.0s)
epoch  21 | g_loss 10.2315 d_loss 0.4258 train_l1 0.0503 consist 0.0468 val_l1 0.0595 (4.0s)
epoch  22 | g_loss 10.0691 d_loss 0.4244 train_l1 0.0495 consist 0.0446 val_l1 0.0597 (4.0s)
epoch  23 | g_loss 10.1486 d_loss 0.4269 train_l1 0.0495 consist 0.0467 val_l1 0.0598 (4.0s)
epoch  24 | g_loss 10.1053 d_loss 0.4270 train_l1 0.0492 consist 0.0458 val_l1 0.0593 (4.0s)
epoch  25 | g_loss 10.3108 d_loss 0.4206 train_l1 0.0501 consist 0.0482 val_l1 0.0608 (4.0s)
epoch  26 | g_loss 10.1011 d_loss 0.4275 train_l1 0.0490 consist 0.0465 val_l1 0.0601 (4.0s)
epoch  27 | g_loss 10.1292 d_loss 0.4333 train_l1 0.0486 consist 0.0480 val_l1 0.0595 (4.0s)
epoch  28 | g_loss 10.0895 d_loss 0.4365 train_l1 0.0482 consist 0.0487 val_l1 0.0595 (4.0s)
epoch  29 | g_loss 10.1951 d_loss 0.4568 train_l1 0.0481 consist 0.0525 val_l1 0.0599 (4.0s)
epoch  30 | g_loss 10.0341 d_loss 0.4323 train_l1 0.0476 consist 0.0477 val_l1 0.0599 (4.0s)
epoch  31 | g_loss 10.0191 d_loss 0.4472 train_l1 0.0474 consist 0.0493 val_l1 0.0591 (4.0s)
epoch  32 | g_loss 9.9764 d_loss 0.4394 train_l1 0.0470 consist 0.0503 val_l1 0.0605 (4.0s)
epoch  33 | g_loss 10.0183 d_loss 0.4379 train_l1 0.0471 consist 0.0504 val_l1 0.0609 (4.0s)
epoch  34 | g_loss 10.1080 d_loss 0.4326 train_l1 0.0472 consist 0.0495 val_l1 0.0607 (4.0s)
epoch  35 | g_loss 9.9745 d_loss 0.4390 train_l1 0.0470 consist 0.0496 val_l1 0.0602 (4.0s)
epoch  36 | g_loss 9.9785 d_loss 0.4239 train_l1 0.0467 consist 0.0478 val_l1 0.0604 (4.0s)
epoch  37 | g_loss 10.0715 d_loss 0.4285 train_l1 0.0468 consist 0.0526 val_l1 0.0629 (4.0s)
epoch  38 | g_loss 10.4979 d_loss 0.5034 train_l1 0.0464 consist 0.0741 val_l1 0.0611 (4.0s)
epoch  39 | g_loss 10.4607 d_loss 0.4635 train_l1 0.0463 consist 0.0690 val_l1 0.0616 (4.0s)
epoch  40 | g_loss 10.3748 d_loss 0.4638 train_l1 0.0461 consist 0.0647 val_l1 0.0623 (4.0s)
epoch  41 | g_loss 10.2844 d_loss 0.4511 train_l1 0.0457 consist 0.0619 val_l1 0.0626 (4.0s)
epoch  42 | g_loss 10.2679 d_loss 0.4531 train_l1 0.0456 consist 0.0630 val_l1 0.0633 (4.0s)
epoch  43 | g_loss 10.4078 d_loss 0.4564 train_l1 0.0462 consist 0.0667 val_l1 0.0622 (4.1s)
epoch  44 | g_loss 10.7614 d_loss 0.5548 train_l1 0.0459 consist 0.0967 val_l1 0.0614 (4.0s)
epoch  45 | g_loss 10.7877 d_loss 0.5583 train_l1 0.0460 consist 0.0996 val_l1 0.0622 (4.0s)
epoch  46 | g_loss 10.7815 d_loss 0.5565 train_l1 0.0459 consist 0.1002 val_l1 0.0621 (4.0s)
epoch  47 | g_loss 10.8784 d_loss 0.5470 train_l1 0.0465 consist 0.1002 val_l1 0.0610 (4.0s)
epoch  48 | g_loss 10.8265 d_loss 0.5492 train_l1 0.0462 consist 0.1003 val_l1 0.0635 (4.0s)
epoch  49 | g_loss 10.8029 d_loss 0.5515 train_l1 0.0460 consist 0.1004 val_l1 0.0665 (4.0s)
epoch  50 | g_loss 10.7396 d_loss 0.5599 train_l1 0.0456 consist 0.1006 val_l1 0.0630 (4.0s)
epoch  51 | g_loss 10.7076 d_loss 0.5575 train_l1 0.0452 consist 0.1008 val_l1 0.0625 (4.0s)
epoch  52 | g_loss 10.6720 d_loss 0.5629 train_l1 0.0449 consist 0.1008 val_l1 0.0629 (4.0s)
epoch  53 | g_loss 10.6451 d_loss 0.5735 train_l1 0.0447 consist 0.1004 val_l1 0.0631 (4.0s)
epoch  54 | g_loss 10.6054 d_loss 0.5612 train_l1 0.0444 consist 0.1011 val_l1 0.0645 (4.0s)
epoch  55 | g_loss 10.6516 d_loss 0.5598 train_l1 0.0445 consist 0.1010 val_l1 0.0630 (4.0s)
epoch  56 | g_loss 10.6941 d_loss 0.5577 train_l1 0.0447 consist 0.1010 val_l1 0.0637 (4.0s)
epoch  57 | g_loss 10.6255 d_loss 0.5624 train_l1 0.0442 consist 0.1012 val_l1 0.0640 (4.0s)
epoch  58 | g_loss 10.5679 d_loss 0.5669 train_l1 0.0438 consist 0.1012 val_l1 0.0637 (4.0s)
epoch  59 | g_loss 10.5410 d_loss 0.5639 train_l1 0.0435 consist 0.1013 val_l1 0.0628 (4.0s)
epoch  60 | g_loss 10.5642 d_loss 0.5700 train_l1 0.0437 consist 0.1013 val_l1 0.0637 (4.0s)
epoch  61 | g_loss 10.5725 d_loss 0.5591 train_l1 0.0436 consist 0.1015 val_l1 0.0627 (4.0s)
epoch  62 | g_loss 10.6013 d_loss 0.5575 train_l1 0.0436 consist 0.1015 val_l1 0.0634 (4.0s)
epoch  63 | g_loss 10.5659 d_loss 0.5607 train_l1 0.0434 consist 0.1016 val_l1 0.0634 (4.0s)
epoch  64 | g_loss 10.5363 d_loss 0.5590 train_l1 0.0432 consist 0.1016 val_l1 0.0620 (4.0s)
epoch  65 | g_loss 10.5231 d_loss 0.5636 train_l1 0.0430 consist 0.1016 val_l1 0.0643 (4.0s)
epoch  66 | g_loss 10.5160 d_loss 0.5623 train_l1 0.0429 consist 0.1017 val_l1 0.0645 (4.0s)
epoch  67 | g_loss 10.5199 d_loss 0.5610 train_l1 0.0428 consist 0.1017 val_l1 0.0627 (4.0s)
epoch  68 | g_loss 10.5057 d_loss 0.5628 train_l1 0.0428 consist 0.1017 val_l1 0.0643 (4.0s)
epoch  69 | g_loss 10.5216 d_loss 0.5587 train_l1 0.0428 consist 0.1018 val_l1 0.0654 (4.0s)
epoch  70 | g_loss 10.5579 d_loss 0.5553 train_l1 0.0430 consist 0.1019 val_l1 0.0642 (4.0s)
epoch  71 | g_loss 10.4763 d_loss 0.5666 train_l1 0.0425 consist 0.1018 val_l1 0.0642 (4.0s)
epoch  72 | g_loss 10.4908 d_loss 0.5579 train_l1 0.0424 consist 0.1018 val_l1 0.0637 (4.0s)
epoch  73 | g_loss 10.4946 d_loss 0.5578 train_l1 0.0424 consist 0.1020 val_l1 0.0641 (4.0s)
epoch  74 | g_loss 10.5168 d_loss 0.5542 train_l1 0.0425 consist 0.1020 val_l1 0.0664 (4.0s)
epoch  75 | g_loss 10.5520 d_loss 0.5578 train_l1 0.0426 consist 0.1020 val_l1 0.0645 (4.0s)
epoch  76 | g_loss 10.4349 d_loss 0.5673 train_l1 0.0419 consist 0.1020 val_l1 0.0657 (4.0s)
epoch  77 | g_loss 10.4300 d_loss 0.5534 train_l1 0.0418 consist 0.1021 val_l1 0.0650 (4.0s)
epoch  78 | g_loss 10.5882 d_loss 0.5618 train_l1 0.0426 consist 0.1022 val_l1 0.0663 (4.0s)
epoch  79 | g_loss 10.5848 d_loss 0.5420 train_l1 0.0429 consist 0.1021 val_l1 0.0647 (4.0s)
epoch  80 | g_loss 10.5403 d_loss 0.5582 train_l1 0.0423 consist 0.1021 val_l1 0.0652 (4.0s)
epoch  81 | g_loss 10.4432 d_loss 0.5502 train_l1 0.0418 consist 0.1022 val_l1 0.0642 (4.0s)
epoch  82 | g_loss 10.4634 d_loss 0.5525 train_l1 0.0418 consist 0.1023 val_l1 0.0638 (4.0s)
epoch  83 | g_loss 10.4571 d_loss 0.5770 train_l1 0.0416 consist 0.1022 val_l1 0.0639 (4.0s)
epoch  84 | g_loss 10.3472 d_loss 0.5521 train_l1 0.0411 consist 0.1022 val_l1 0.0648 (4.0s)
epoch  85 | g_loss 10.5040 d_loss 0.5473 train_l1 0.0419 consist 0.1024 val_l1 0.0646 (4.0s)
epoch  86 | g_loss 10.4887 d_loss 0.5532 train_l1 0.0418 consist 0.1022 val_l1 0.0637 (4.0s)
epoch  87 | g_loss 10.5100 d_loss 0.5453 train_l1 0.0418 consist 0.1023 val_l1 0.0644 (4.0s)
epoch  88 | g_loss 10.4454 d_loss 0.5540 train_l1 0.0414 consist 0.1024 val_l1 0.0649 (4.0s)
epoch  89 | g_loss 10.4611 d_loss 0.5484 train_l1 0.0415 consist 0.1024 val_l1 0.0657 (4.0s)
epoch  90 | g_loss 10.5149 d_loss 0.5447 train_l1 0.0417 consist 0.1025 val_l1 0.0662 (4.0s)
epoch  91 | g_loss 10.4363 d_loss 0.5624 train_l1 0.0413 consist 0.1023 val_l1 0.0647 (4.0s)
epoch  92 | g_loss 10.4595 d_loss 0.5472 train_l1 0.0414 consist 0.1025 val_l1 0.0647 (4.0s)
epoch  93 | g_loss 10.5007 d_loss 0.5495 train_l1 0.0416 consist 0.1025 val_l1 0.0656 (4.0s)
epoch  94 | g_loss 10.4874 d_loss 0.5454 train_l1 0.0414 consist 0.1026 val_l1 0.0649 (4.0s)
epoch  95 | g_loss 10.4861 d_loss 0.5478 train_l1 0.0414 consist 0.1026 val_l1 0.0641 (4.0s)
epoch  96 | g_loss 10.4667 d_loss 0.5448 train_l1 0.0412 consist 0.1026 val_l1 0.0646 (4.0s)
epoch  97 | g_loss 10.7544 d_loss 0.5234 train_l1 0.0430 consist 0.1026 val_l1 0.0635 (4.0s)
epoch  98 | g_loss 10.5000 d_loss 0.5660 train_l1 0.0413 consist 0.1025 val_l1 0.0644 (4.0s)
epoch  99 | g_loss 10.4177 d_loss 0.5392 train_l1 0.0410 consist 0.1026 val_l1 0.0654 (4.0s)
epoch 100 | g_loss 10.4950 d_loss 0.5413 train_l1 0.0412 consist 0.1026 val_l1 0.0652 (4.0s)
epoch 101 | g_loss 10.5564 d_loss 0.5449 train_l1 0.0416 consist 0.1026 val_l1 0.0655 (4.0s)
epoch 102 | g_loss 10.5179 d_loss 0.5331 train_l1 0.0414 consist 0.1027 val_l1 0.0665 (4.0s)
epoch 103 | g_loss 10.5180 d_loss 0.5381 train_l1 0.0413 consist 0.1026 val_l1 0.0640 (4.0s)
epoch 104 | g_loss 10.5051 d_loss 0.5440 train_l1 0.0411 consist 0.1028 val_l1 0.0669 (4.0s)
epoch 105 | g_loss 10.5529 d_loss 0.5356 train_l1 0.0414 consist 0.1027 val_l1 0.0666 (4.0s)
epoch 106 | g_loss 10.5553 d_loss 0.5325 train_l1 0.0414 consist 0.1028 val_l1 0.0664 (4.0s)
epoch 107 | g_loss 10.4014 d_loss 0.5625 train_l1 0.0405 consist 0.1026 val_l1 0.0683 (4.0s)
epoch 108 | g_loss 10.4952 d_loss 0.5359 train_l1 0.0410 consist 0.1027 val_l1 0.0668 (4.0s)
epoch 109 | g_loss 10.5874 d_loss 0.5489 train_l1 0.0415 consist 0.1028 val_l1 0.0647 (4.0s)
epoch 110 | g_loss 10.4305 d_loss 0.5334 train_l1 0.0408 consist 0.1027 val_l1 0.0651 (4.0s)
epoch 111 | g_loss 10.6248 d_loss 0.5404 train_l1 0.0417 consist 0.1027 val_l1 0.0657 (4.0s)
epoch 112 | g_loss 10.4773 d_loss 0.5353 train_l1 0.0410 consist 0.1027 val_l1 0.0663 (4.0s)
epoch 113 | g_loss 10.5057 d_loss 0.5331 train_l1 0.0410 consist 0.1029 val_l1 0.0655 (4.0s)
epoch 114 | g_loss 10.4588 d_loss 0.5489 train_l1 0.0407 consist 0.1027 val_l1 0.0658 (4.0s)
epoch 115 | g_loss 10.5311 d_loss 0.5293 train_l1 0.0411 consist 0.1029 val_l1 0.0667 (4.0s)
epoch 116 | g_loss 10.7105 d_loss 0.5661 train_l1 0.0418 consist 0.1029 val_l1 0.0644 (4.0s)
epoch 117 | g_loss 10.4805 d_loss 0.5254 train_l1 0.0410 consist 0.1028 val_l1 0.0664 (4.0s)
epoch 118 | g_loss 10.6302 d_loss 0.5191 train_l1 0.0416 consist 0.1029 val_l1 0.0669 (4.0s)
epoch 119 | g_loss 10.6223 d_loss 0.5363 train_l1 0.0416 consist 0.1029 val_l1 0.0656 (4.0s)
epoch 120 | g_loss 10.7037 d_loss 0.5105 train_l1 0.0421 consist 0.1030 val_l1 0.0655 (4.0s)
epoch 121 | g_loss 10.7142 d_loss 0.5147 train_l1 0.0419 consist 0.1028 val_l1 0.0652 (4.0s)
epoch 122 | g_loss 10.6745 d_loss 0.5367 train_l1 0.0416 consist 0.1029 val_l1 0.0659 (4.0s)
epoch 123 | g_loss 10.5501 d_loss 0.5225 train_l1 0.0411 consist 0.1030 val_l1 0.0651 (4.0s)
epoch 124 | g_loss 10.6173 d_loss 0.5201 train_l1 0.0414 consist 0.1030 val_l1 0.0663 (4.0s)
epoch 125 | g_loss 10.6313 d_loss 0.5204 train_l1 0.0415 consist 0.1031 val_l1 0.0647 (4.0s)
epoch 126 | g_loss 10.6484 d_loss 0.5227 train_l1 0.0414 consist 0.1030 val_l1 0.0658 (4.0s)
epoch 127 | g_loss 10.6192 d_loss 0.5293 train_l1 0.0415 consist 0.1030 val_l1 0.0665 (4.0s)
epoch 128 | g_loss 10.7333 d_loss 0.5106 train_l1 0.0418 consist 0.1030 val_l1 0.0648 (4.0s)
epoch 129 | g_loss 10.7189 d_loss 0.5403 train_l1 0.0418 consist 0.1029 val_l1 0.0659 (4.0s)
epoch 130 | g_loss 10.5735 d_loss 0.5141 train_l1 0.0411 consist 0.1031 val_l1 0.0660 (4.0s)
epoch 131 | g_loss 10.6840 d_loss 0.5135 train_l1 0.0415 consist 0.1030 val_l1 0.0662 (4.0s)
epoch 132 | g_loss 10.7596 d_loss 0.5353 train_l1 0.0422 consist 0.1029 val_l1 0.0659 (4.0s)
epoch 133 | g_loss 10.6242 d_loss 0.5107 train_l1 0.0414 consist 0.1031 val_l1 0.0666 (4.0s)
epoch 134 | g_loss 10.6805 d_loss 0.5141 train_l1 0.0415 consist 0.1031 val_l1 0.0660 (4.0s)
epoch 135 | g_loss 10.6862 d_loss 0.5111 train_l1 0.0416 consist 0.1032 val_l1 0.0659 (4.0s)
epoch 136 | g_loss 10.7003 d_loss 0.5158 train_l1 0.0415 consist 0.1031 val_l1 0.0650 (4.0s)
epoch 137 | g_loss 10.7463 d_loss 0.5328 train_l1 0.0417 consist 0.1031 val_l1 0.0656 (4.0s)
epoch 138 | g_loss 10.6616 d_loss 0.5041 train_l1 0.0415 consist 0.1031 val_l1 0.0670 (4.0s)
epoch 139 | g_loss 10.7621 d_loss 0.5171 train_l1 0.0418 consist 0.1031 val_l1 0.0647 (4.0s)
epoch 140 | g_loss 10.7499 d_loss 0.5029 train_l1 0.0419 consist 0.1032 val_l1 0.0668 (4.0s)
epoch 141 | g_loss 10.7461 d_loss 0.5114 train_l1 0.0417 consist 0.1031 val_l1 0.0664 (4.0s)
epoch 142 | g_loss 10.8813 d_loss 0.5006 train_l1 0.0425 consist 0.1032 val_l1 0.0656 (4.0s)
epoch 143 | g_loss 10.7553 d_loss 0.5056 train_l1 0.0419 consist 0.1031 val_l1 0.0676 (4.0s)
epoch 144 | g_loss 10.8236 d_loss 0.5217 train_l1 0.0420 consist 0.1031 val_l1 0.0672 (4.0s)
epoch 145 | g_loss 11.0097 d_loss 0.4789 train_l1 0.0435 consist 0.1032 val_l1 0.0671 (4.0s)
epoch 146 | g_loss 11.0298 d_loss 0.4838 train_l1 0.0432 consist 0.1032 val_l1 0.0665 (4.0s)
epoch 147 | g_loss 10.9145 d_loss 0.5220 train_l1 0.0425 consist 0.1031 val_l1 0.0655 (4.0s)
epoch 148 | g_loss 10.8113 d_loss 0.4903 train_l1 0.0420 consist 0.1032 val_l1 0.0663 (4.0s)
epoch 149 | g_loss 10.9144 d_loss 0.4932 train_l1 0.0424 consist 0.1032 val_l1 0.0668 (4.0s)
done. best val_l1: 0.05886552807106806
